../Core/Src/main.c:64:5:__io_putchar	16	static
../Core/Src/main.c:83:1:HAL_GPIO_EXTI_Callback	16	static
../Core/Src/main.c:93:6:send_text_message	8	static
../Core/Src/main.c:113:6:HAL_UART_TxCpltCallback	16	static
../Core/Src/main.c:127:6:line_append	16	static
../Core/Src/main.c:157:6:HAL_UART_RxCpltCallback	16	static
../Core/Src/main.c:171:5:main	16	static
../Core/Src/main.c:228:6:SystemClock_Config	96	static
../Core/Src/main.c:289:13:MX_USART2_UART_Init	8	static
../Core/Src/main.c:324:13:MX_GPIO_Init	40	static
../Core/Src/main.c:366:6:Error_Handler	4	static,ignoring_inline_asm
